// Jest Snapshot v1, https://goo.gl/fbAQLP

exports[`Settings Component should render with given state from Redux store 1`] = `
<div
  className="p-2"
>
  <h2
    className="text-center"
  >
    Settings
  </h2>
  <div
    className="settings-container"
  >
    <div
      className="text-center row"
    >
      <div
        className="col-sm-3 col-12"
      >
        Currencies: 
      </div>
      <div
        className="col-sm-9 col-12"
      >
        <select
          className="currency-select"
          id="currency"
          name="currency"
          onChange={[Function]}
          value="USD"
        />
      </div>
    </div>
  </div>
</div>
`;
